// Jest Snapshot v1, https://goo.gl/fbAQLP

exports[`Article renders an Article 1`] = `
<article
  className="article article"
  onClick={[Function]}
>
  <img
    alt="Article image"
    className="image"
    src="http://www.nytimes.com/fake-url"
  />
  <strong
    className="title"
  >
    fake-headline
  </strong>
  <div
    className="summary"
  >
    fake-snippet
  </div>
</article>
`;
